a	あ
-	ー
i	い
u	う
e	え
o	お
ka	か
ga	が
ki	き
kya	きゃ
kyu	きゅ
kyo	きょ
gi	ぎ
gya	ぎゃ
gyu	ぎゅ
gyo	ぎょ
ku	く
gu	ぐ
ke	け
ge	げ
ko	こ
go	ご
sa	さ
za	ざ
si	し
shi	し
sha	しゃ
shu	しゅ
she	しぇ
sho	しょ
syo	しょ
zi	ぢ
ja	じゃ
ju	じゅ
je	じぇ
jo	じょ
su	す
zu	ず
se	せ
ze	ぜ
so	そ
zo	ぞ
ta	た
da	だ
ti	ち
chi	ち
cha	ちゃ
chu	ちゅ
tyu	ちゅ
cho	ちょ
ji	じ
tu	つ
tsu	つ
du	づ
te	て
de	で
to	と
do	ど
na	な
ni	に
nya	にゃ
nyu	にゅ
nyo	にょ
nu	ぬ
ne	ね
no	の
ha	は
ba	ば
va	ば
pa	ぱ
hi	ひ
hya	ひゃ
hyu	ひゅ
hyo	ひょ
bi	び
bya	びゃ
byu	びゅ
byo	びょ
vi	び
pi	ぴ
pya	ぴゃ
pyu	ぴゅ
pyo	ぴょ
hu	ふ
fu	ふ
bu	ぶ
vu	ぶ
pu	ぷ
he	へ
be	べ
ve	べ
pe	ぺ
ho	ほ
bo	ぼ
vo	ぼ
po	ぽ
ma	ま
mi	み
mya	みゃ
myu	みゅ
myo	みょ
mu	む
me	め
mo	も
ya	や
yu	ゆ
yo	よ
ra	ら
ri	り
rya	りゃ
ryu	りゅ
ryo	りょ
ru	る
re	れ
ro	ろ
wa	わ
wi	ゐ
we	ゑ
wo	を
n	ん
xn	ん
xa	ぁ
xi	ぃ
xu	ぅ
xe	ぇ
xo	ぉ
kka	っか
kki	っき
kkya	っきゃ
kkyu	っきゅ
kkyo	っきょ
kku	っく
kke	っけ
kko	っこ
ssa	っさ
ssi	っし
sshi	っし
ssha	っしゃ
sshu	っしゅ
sshe	っしぇ
ssho	っしょ
ssyo	っしょ
ssu	っす
sse	っせ
sso	っそ
tta	った
dda	っだ
tti	っち
cchi	っち
ccha	っちゃ
cchu	っちゅ
ttyu	っちゅ
ccho	っちょ
ttu	っつ
ttsu	っつ
ddu	っづ
tte	って
dde	っで
tto	っと
ddo	っど
ppa	っぱ
ppi	っぴ
ppya	っぴゃ
ppyu	っぴゅ
ppyo	っぴょ
ppu	っぷ
ppe	っぺ
ppo	っぽ
.	。
,	、
